	Arguments: "https://download-chromium.appspot.com/dl/Win?type=snapshots" "Win@type=snapshots" -N -H -e "robots=off" --user-agent="Mozilla/5.0 (Windows; U; Windows NT 5.1; en-US)" --no-config --no-if-modified-since
	srcpath="X:\Distributives\Soft FOSS\Network\HTTP\Chromium\"
	distcleanup="1"
	AddtoSUScripts="", SUScripts="", UseTimeAsVersion=""
	findpath=""
	findargs=""
	dstrename="chrome-win32-snapshots.zip"
	logfname=""
	baseDistUpdateScripts=""
	baseDistributives=""
	baseWorkdir=""
	baseLogsDir=""

X:\Distributives\Soft FOSS\Network\HTTP\Chromium>rem Input: 

X:\Distributives\Soft FOSS\Network\HTTP\Chromium>rem srcpath (mandatory) 

X:\Distributives\Soft FOSS\Network\HTTP\Chromium>rem baseDistUpdateScripts 

X:\Distributives\Soft FOSS\Network\HTTP\Chromium>rem baseDistributives 

X:\Distributives\Soft FOSS\Network\HTTP\Chromium>rem baseWorkdir 

X:\Distributives\Soft FOSS\Network\HTTP\Chromium>rem baseLogsDir 

X:\Distributives\Soft FOSS\Network\HTTP\Chromium>rem Output: 

X:\Distributives\Soft FOSS\Network\HTTP\Chromium>rem srcpath with baseDistUpdateScripts replaced to baseDistributives 

X:\Distributives\Soft FOSS\Network\HTTP\Chromium>rem relpath is srcpath relatively to baseDistributives (with trailing backslash) 

X:\Distributives\Soft FOSS\Network\HTTP\Chromium>rem workdir - baseWorkdir with relpath (or X:\Distributives\Soft FOSS\Network\HTTP\Chromium\temp if baseWorkdir isn't defined) 

X:\Distributives\Soft FOSS\Network\HTTP\Chromium>rem logsDir - baseLogsDir with relpath (or nothing) 

X:\Distributives\Soft FOSS\Network\HTTP\Chromium>IF NOT DEFINED srcpath EXIT /B 32767 

X:\Distributives\Soft FOSS\Network\HTTP\Chromium>SETLOCAL ENABLEDELAYEDEXPANSION 

X:\Distributives\Soft FOSS\Network\HTTP\Chromium>CALL :checkFixBackslash srcpath "X:\Distributives\Soft FOSS\Network\HTTP\Chromium\" 

X:\Distributives\Soft FOSS\Network\HTTP\Chromium>(
SETLOCAL 
 SET tempvar=X:\Distributives\Soft FOSS\Network\HTTP\Chromium\ 
) 

X:\Distributives\Soft FOSS\Network\HTTP\Chromium>IF "" == "0" (IF "\" == "\" SET tempvar=X:\Distributives\Soft FOSS\Network\HTTP\Chromium )  ELSE (IF NOT "\" == "\" SET "tempvar=X:\Distributives\Soft FOSS\Network\HTTP\Chromium\\" ) 

X:\Distributives\Soft FOSS\Network\HTTP\Chromium>(
SET "srcpath=X:\Distributives\Soft FOSS\Network\HTTP\Chromium\"  
 ENDLOCAL
) 

X:\Distributives\Soft FOSS\Network\HTTP\Chromium>EXIT /B 

X:\Distributives\Soft FOSS\Network\HTTP\Chromium>IF DEFINED baseDistUpdateScripts SET srcpath=!srcpath:\=\! 

X:\Distributives\Soft FOSS\Network\HTTP\Chromium>IF DEFINED baseDistributives SET relpath=!srcpath:\=\! 

X:\Distributives\Soft FOSS\Network\HTTP\Chromium>IF "" == "X:\Distributives\Soft FOSS\Network\HTTP\Chromium\" SET relpath= 

X:\Distributives\Soft FOSS\Network\HTTP\Chromium>(
ENDLOCAL 
 SET "srcpath=X:\Distributives\Soft FOSS\Network\HTTP\Chromium\"  
 SET "relpath=" 
) 

X:\Distributives\Soft FOSS\Network\HTTP\Chromium>IF DEFINED relpath (
IF NOT DEFINED workdir IF DEFINED baseWorkdir SET "workdir="  
 IF NOT DEFINED logsDir IF DEFINED baseLogsDir SET "logsDir=" 
) 

X:\Distributives\Soft FOSS\Network\HTTP\Chromium>IF NOT DEFINED workdir SET "workdir=X:\Distributives\Soft FOSS\Network\HTTP\Chromium\temp\" 

X:\Distributives\Soft FOSS\Network\HTTP\Chromium>IF NOT DEFINED logsDir SET "logsDir=X:\Distributives\Soft FOSS\Network\HTTP\Chromium\temp\" 

X:\Distributives\Soft FOSS\Network\HTTP\Chromium>EXIT /B 

X:\Distributives\Soft FOSS\Network\HTTP\Chromium>IF "" == "" (
 
  
  
  
 SET "skiptokens=2"  
 IF "Win@type=snapshots" == "" (SET "distfmask=Win?type=snapshots" )  ELSE (SET "distfmask=Win@type=snapshots" ) 
) 

X:\Distributives\Soft FOSS\Network\HTTP\Chromium>IF "Win@type=snapshots" == "" SET "distfmask=*" 

X:\Distributives\Soft FOSS\Network\HTTP\Chromium>IF NOT "Win@type=snapshots" == "" (
 
 rem doesn't work well with spaces in any of arguments: FOR /F "usebackq tokens=2* delims= " %I IN ('"https://download-chromium.appspot.com/dl/Win?type=snapshots" "Win@type=snapshots" -N -H -e "robots=off" --user-agent="Mozilla/5.0 (Windows; U; Windows NT 5.1; en-US)" --no-config --no-if-modified-since') DO SET "wgetparm=%J"  
 CALL :GetWgetArgsSkippingFirst "https://download-chromium.appspot.com/dl/Win?type=snapshots" "Win@type=snapshots" -N -H -e "robots=off" --user-agent="Mozilla/5.0 (Windows; U; Windows NT 5.1; en-US)" --no-config --no-if-modified-since 
) 

X:\Distributives\Soft FOSS\Network\HTTP\Chromium>(
SETLOCAL 
 FOR /L %I IN (1 1 2) DO SHIFT
) 

X:\Distributives\Soft FOSS\Network\HTTP\Chromium>SHIFT

X:\Distributives\Soft FOSS\Network\HTTP\Chromium>SHIFT

X:\Distributives\Soft FOSS\Network\HTTP\Chromium>IF .-N == . (
ENDLOCAL 
 SET wgetparm=  
 EXIT /B 
) 

X:\Distributives\Soft FOSS\Network\HTTP\Chromium>(
SET wgetparm= -N  
 SHIFT 
 GOTO :AppendWgetArgs 
) 

X:\Distributives\Soft FOSS\Network\HTTP\Chromium>IF .-H == . (
ENDLOCAL 
 SET wgetparm= -N  
 EXIT /B 
) 

X:\Distributives\Soft FOSS\Network\HTTP\Chromium>(
SET wgetparm= -N -H  
 SHIFT 
 GOTO :AppendWgetArgs 
) 

X:\Distributives\Soft FOSS\Network\HTTP\Chromium>IF .-e == . (
ENDLOCAL 
 SET wgetparm= -N -H  
 EXIT /B 
) 

X:\Distributives\Soft FOSS\Network\HTTP\Chromium>(
SET wgetparm= -N -H -e  
 SHIFT 
 GOTO :AppendWgetArgs 
) 

X:\Distributives\Soft FOSS\Network\HTTP\Chromium>IF ."robots=off" == . (
ENDLOCAL 
 SET wgetparm= -N -H -e  
 EXIT /B 
) 

X:\Distributives\Soft FOSS\Network\HTTP\Chromium>(
SET wgetparm= -N -H -e "robots=off"  
 SHIFT 
 GOTO :AppendWgetArgs 
) 

X:\Distributives\Soft FOSS\Network\HTTP\Chromium>IF .--user-agent == . (
ENDLOCAL 
 SET wgetparm= -N -H -e "robots=off"  
 EXIT /B 
) 

X:\Distributives\Soft FOSS\Network\HTTP\Chromium>(
SET wgetparm= -N -H -e "robots=off" --user-agent  
 SHIFT 
 GOTO :AppendWgetArgs 
) 

X:\Distributives\Soft FOSS\Network\HTTP\Chromium>IF ."Mozilla/5.0 (Windows; U; Windows NT 5.1; en-US)" == . (
ENDLOCAL 
 SET wgetparm= -N -H -e "robots=off" --user-agent  
 EXIT /B 
) 

X:\Distributives\Soft FOSS\Network\HTTP\Chromium>(
SET wgetparm= -N -H -e "robots=off" --user-agent "Mozilla/5.0 (Windows; U; Windows NT 5.1; en-US)"  
 SHIFT 
 GOTO :AppendWgetArgs 
) 

X:\Distributives\Soft FOSS\Network\HTTP\Chromium>IF .--no-config == . (
ENDLOCAL 
 SET wgetparm= -N -H -e "robots=off" --user-agent "Mozilla/5.0 (Windows; U; Windows NT 5.1; en-US)"  
 EXIT /B 
) 

X:\Distributives\Soft FOSS\Network\HTTP\Chromium>(
SET wgetparm= -N -H -e "robots=off" --user-agent "Mozilla/5.0 (Windows; U; Windows NT 5.1; en-US)" --no-config  
 SHIFT 
 GOTO :AppendWgetArgs 
) 

X:\Distributives\Soft FOSS\Network\HTTP\Chromium>IF .--no-if-modified-since == . (
ENDLOCAL 
 SET wgetparm= -N -H -e "robots=off" --user-agent "Mozilla/5.0 (Windows; U; Windows NT 5.1; en-US)" --no-config  
 EXIT /B 
) 

X:\Distributives\Soft FOSS\Network\HTTP\Chromium>(
SET wgetparm= -N -H -e "robots=off" --user-agent "Mozilla/5.0 (Windows; U; Windows NT 5.1; en-US)" --no-config --no-if-modified-since  
 SHIFT 
 GOTO :AppendWgetArgs 
) 

X:\Distributives\Soft FOSS\Network\HTTP\Chromium>IF . == . (
ENDLOCAL 
 SET wgetparm= -N -H -e "robots=off" --user-agent "Mozilla/5.0 (Windows; U; Windows NT 5.1; en-US)" --no-config --no-if-modified-since  
 EXIT /B 
) 

X:\Distributives\Soft FOSS\Network\HTTP\Chromium>(
IF NOT DEFINED wgetparm SET "wgetparm=-m -l 1 -nd -e robots=off --no-check-certificate"  
 IF NOT DEFINED logfname GOTO :setDefaultLogFName  
  
 SET "checklogfname=&=" 
) 

X:\Distributives\Soft FOSS\Network\HTTP\Chromium>SET "logfname=X:\Distributives\Soft FOSS\Network\HTTP\Chromium\temp\_DistDownload.log" 

X:\Distributives\Soft FOSS\Network\HTTP\Chromium>IF NOT EXIST "X:\Distributives\Soft FOSS\Network\HTTP\Chromium\temp\" MKDIR "X:\Distributives\Soft FOSS\Network\HTTP\Chromium\temp\" 

X:\Distributives\Soft FOSS\Network\HTTP\Chromium>ECHO wget -o "X:\Distributives\Soft FOSS\Network\HTTP\Chromium\temp\_DistDownload.log" --progress=dot:giga  -N -H -e "robots=off" --user-agent "Mozilla/5.0 (Windows; U; Windows NT 5.1; en-US)" --no-config --no-if-modified-since "https://download-chromium.appspot.com/dl/Win?type=snapshots" 
wget -o "X:\Distributives\Soft FOSS\Network\HTTP\Chromium\temp\_DistDownload.log" --progress=dot:giga  -N -H -e "robots=off" --user-agent "Mozilla/5.0 (Windows; U; Windows NT 5.1; en-US)" --no-config --no-if-modified-since "https://download-chromium.appspot.com/dl/Win?type=snapshots"

X:\Distributives\Soft FOSS\Network\HTTP\Chromium>START "" /B /WAIT /D"X:\Distributives\Soft FOSS\Network\HTTP\Chromium\temp\" "C:\SysUtils\wget.exe" -o "X:\Distributives\Soft FOSS\Network\HTTP\Chromium\temp\_DistDownload.log" --progress=dot:giga  -N -H -e "robots=off" --user-agent "Mozilla/5.0 (Windows; U; Windows NT 5.1; en-US)" --no-config --no-if-modified-since "https://download-chromium.appspot.com/dl/Win?type=snapshots" 

X:\Distributives\Soft FOSS\Network\HTTP\Chromium>(
SET "wgeterrorlevel=8"  
 IF DEFINED findpath (CALL :CheckFindPath  )  ELSE SET "findpath=."  
 IF NOT DEFINED findargs SET findargs=-name "Win@type=snapshots"  
 CALL :InitRemembering 
) 

X:\Distributives\Soft FOSS\Network\HTTP\Chromium>(
SET "LatestFile="  
 SET "LatestDate=0000000000:00"  
 EXIT /B 
) 

X:\Distributives\Soft FOSS\Network\HTTP\Chromium>(
 
  
 IF DEFINED findexe FOR /F "usebackq delims=" %I IN (`C:\SysUtils\UnxUtils\find.exe "X:\Distributives\Soft FOSS\Network\HTTP\Chromium\temp\." -name "Win@type=snapshots"`) DO CALL :RememberIfLatest dstfname "%~fI" 
) 

X:\Distributives\Soft FOSS\Network\HTTP\Chromium>CALL :RememberIfLatest dstfname "X:\Distributives\Soft FOSS\Network\HTTP\Chromium\temp\Win@type=snapshots" 

X:\Distributives\Soft FOSS\Network\HTTP\Chromium>(
SET "CurrentFile=X:\Distributives\Soft FOSS\Network\HTTP\Chromium\temp\Win@type=snapshots"  
 SET "CurrentDate=18.10.2016 19:13" 
) 

X:\Distributives\Soft FOSS\Network\HTTP\Chromium>(
 
 SET "CurrentDate=2016101819:13" 
) 

X:\Distributives\Soft FOSS\Network\HTTP\Chromium>IF "2016101819:13" GEQ "0000000000:00" (
SET "LatestFile=X:\Distributives\Soft FOSS\Network\HTTP\Chromium\temp\Win@type=snapshots"  
 SET "LatestDate=2016101819:13" 
) 

X:\Distributives\Soft FOSS\Network\HTTP\Chromium>(
SET "dstfname=X:\Distributives\Soft FOSS\Network\HTTP\Chromium\temp\Win@type=snapshots"  
 EXIT /B 
) 

X:\Distributives\Soft FOSS\Network\HTTP\Chromium>(
IF DEFINED dstfname CALL :linkdst "X:\Distributives\Soft FOSS\Network\HTTP\Chromium\temp\Win@type=snapshots"  
 IF DEFINED SUScripts IF NOT "" == "0" CALL "\..\templates\_add_withVer.cmd" "X:\Distributives\Soft FOSS\Network\HTTP\Chromium\temp\Win@type=snapshots"  
 EXIT /B 8 
) 

X:\Distributives\Soft FOSS\Network\HTTP\Chromium>(
SET "dstfname=Win@type=snapshots"  
 IF DEFINED dstrename SET "dstfname=chrome-win32-snapshots.zip" 
) 

X:\Distributives\Soft FOSS\Network\HTTP\Chromium>(
IF "1" == "1" IF EXIST "X:\Distributives\Soft FOSS\Network\HTTP\Chromium\chrome-win32-snapshots.zip" (
SET "cleanup_action=DEL /Q /A-R-H-S"  
 CALL "X:\Scripts\distcleanup.cmd" "X:\Distributives\Soft FOSS\Network\HTTP\Chromium\temp\Win@type=snapshots" "X:\Distributives\Soft FOSS\Network\HTTP\Chromium\temp\Win@type=snapshots"  
 SET cleanup_action=CALL "\Scripts\mvold.cmd"  
 CALL "X:\Scripts\distcleanup.cmd" "X:\Distributives\Soft FOSS\Network\HTTP\Chromium\Win@type=snapshots" "X:\Distributives\Soft FOSS\Network\HTTP\Chromium\chrome-win32-snapshots.zip" 
)  
 "C:\SysUtils\xln.exe" "X:\Distributives\Soft FOSS\Network\HTTP\Chromium\temp\Win@type=snapshots" "X:\Distributives\Soft FOSS\Network\HTTP\Chromium\chrome-win32-snapshots.zip"  || COPY /B /Y "X:\Distributives\Soft FOSS\Network\HTTP\Chromium\temp\Win@type=snapshots" "X:\Distributives\Soft FOSS\Network\HTTP\Chromium\chrome-win32-snapshots.zip"  
 EXIT /B 
) 

X:\Distributives\Soft FOSS\Network\HTTP\Chromium>REM procedure cleans up directury excluding first argument 

X:\Distributives\Soft FOSS\Network\HTTP\Chromium>REM If only argument is given, whole directory except one file cleaned up 

X:\Distributives\Soft FOSS\Network\HTTP\Chromium>REM If two or more aruments, first is mask, and others are exclusion 

X:\Distributives\Soft FOSS\Network\HTTP\Chromium>REM  

X:\Distributives\Soft FOSS\Network\HTTP\Chromium>REM                                              by logicdaemon@gmail.com 

X:\Distributives\Soft FOSS\Network\HTTP\Chromium>REM                                                        logicdaemon.ru 

X:\Distributives\Soft FOSS\Network\HTTP\Chromium>REM may be distributed under LGPL 

X:\Distributives\Soft FOSS\Network\HTTP\Chromium>SETLOCAL ENABLEEXTENSIONS 

X:\Distributives\Soft FOSS\Network\HTTP\Chromium>IF NOT DEFINED cleanup_action SET cleanup_action=ECHO  

X:\Distributives\Soft FOSS\Network\HTTP\Chromium>IF NOT DEFINED cleanup_checkMoveCMD SET cleanup_checkMoveCMD="D:\Users\LOGICD~1\AppData\Local\Temp\cleanup_checkMove.cmd" 

X:\Distributives\Soft FOSS\Network\HTTP\Chromium>SET excl= 

X:\Distributives\Soft FOSS\Network\HTTP\Chromium>SET exclN=0 

X:\Distributives\Soft FOSS\Network\HTTP\Chromium>IF "X:\Distributives\Soft FOSS\Network\HTTP\Chromium\temp\Win@type=snapshots" == "" (
SET mask=X:\Distributives\Soft FOSS\Network\HTTP\Chromium\temp\*  
 SET excl=X:\Distributives\Soft FOSS\Network\HTTP\Chromium\temp\Win@type=snapshots  
 SET exclN=1 
)  ELSE (
SET mask=X:\Distributives\Soft FOSS\Network\HTTP\Chromium\temp\Win@type=snapshots  
 REM setting excl for case when there will be no   
 SET excl=X:\Distributives\Soft FOSS\Network\HTTP\Chromium\temp\Win@type=snapshots  
 GOTO :cleanup_assembleExclusions 
) 

X:\Distributives\Soft FOSS\Network\HTTP\Chromium>ECHO.1>"D:\Users\LOGICD~1\AppData\Local\Temp\cleanup_checkMove.cmd" 

X:\Distributives\Soft FOSS\Network\HTTP\Chromium>SHIFT

X:\Distributives\Soft FOSS\Network\HTTP\Chromium>IF "X:\Distributives\Soft FOSS\Network\HTTP\Chromium\temp\Win@type=snapshots" == "" GOTO :cleanup_assembleEnd 

X:\Distributives\Soft FOSS\Network\HTTP\Chromium>ECHO IF "%~1"=="X:\Distributives\Soft FOSS\Network\HTTP\Chromium\temp\Win@type=snapshots" EXIT /B  1>>"D:\Users\LOGICD~1\AppData\Local\Temp\cleanup_checkMove.cmd" 

X:\Distributives\Soft FOSS\Network\HTTP\Chromium>SET /A exclN+=1 

X:\Distributives\Soft FOSS\Network\HTTP\Chromium>GOTO :cleanup_ae_cycle 

X:\Distributives\Soft FOSS\Network\HTTP\Chromium>SHIFT

X:\Distributives\Soft FOSS\Network\HTTP\Chromium>IF "" == "" GOTO :cleanup_assembleEnd 

X:\Distributives\Soft FOSS\Network\HTTP\Chromium>REM If only one exclusion, do not use "D:\Users\LOGICD~1\AppData\Local\Temp\cleanup_checkMove.cmd" 

X:\Distributives\Soft FOSS\Network\HTTP\Chromium>ECHO DEL "%~1" 1>>"D:\Users\LOGICD~1\AppData\Local\Temp\cleanup_checkMove.cmd" 

X:\Distributives\Soft FOSS\Network\HTTP\Chromium>IF 1 == 1 DEL "D:\Users\LOGICD~1\AppData\Local\Temp\cleanup_checkMove.cmd" 

X:\Distributives\Soft FOSS\Network\HTTP\Chromium>GOTO :cleanup_maincycle 

X:\Distributives\Soft FOSS\Network\HTTP\Chromium>IF 1 GTR 1 GOTO :cleanup_multipleExclusions 

X:\Distributives\Soft FOSS\Network\HTTP\Chromium>REM only exclusion 

X:\Distributives\Soft FOSS\Network\HTTP\Chromium>FOR %I IN ("X:\Distributives\Soft FOSS\Network\HTTP\Chromium\temp\Win@type=snapshots") DO IF NOT "%~fI" == "X:\Distributives\Soft FOSS\Network\HTTP\Chromium\temp\Win@type=snapshots" DEL /Q /A-R-H-S "%~I" 

X:\Distributives\Soft FOSS\Network\HTTP\Chromium>IF NOT "X:\Distributives\Soft FOSS\Network\HTTP\Chromium\temp\Win@type=snapshots" == "X:\Distributives\Soft FOSS\Network\HTTP\Chromium\temp\Win@type=snapshots" DEL /Q /A-R-H-S "X:\Distributives\Soft FOSS\Network\HTTP\Chromium\temp\Win@type=snapshots" 

X:\Distributives\Soft FOSS\Network\HTTP\Chromium>ENDLOCAL

X:\Distributives\Soft FOSS\Network\HTTP\Chromium>EXIT /B 

X:\Distributives\Soft FOSS\Network\HTTP\Chromium>REM procedure cleans up directury excluding first argument 

X:\Distributives\Soft FOSS\Network\HTTP\Chromium>REM If only argument is given, whole directory except one file cleaned up 

X:\Distributives\Soft FOSS\Network\HTTP\Chromium>REM If two or more aruments, first is mask, and others are exclusion 

X:\Distributives\Soft FOSS\Network\HTTP\Chromium>REM  

X:\Distributives\Soft FOSS\Network\HTTP\Chromium>REM                                              by logicdaemon@gmail.com 

X:\Distributives\Soft FOSS\Network\HTTP\Chromium>REM                                                        logicdaemon.ru 

X:\Distributives\Soft FOSS\Network\HTTP\Chromium>REM may be distributed under LGPL 

X:\Distributives\Soft FOSS\Network\HTTP\Chromium>SETLOCAL ENABLEEXTENSIONS 

X:\Distributives\Soft FOSS\Network\HTTP\Chromium>IF NOT DEFINED cleanup_action SET cleanup_action=ECHO  

X:\Distributives\Soft FOSS\Network\HTTP\Chromium>IF NOT DEFINED cleanup_checkMoveCMD SET cleanup_checkMoveCMD="D:\Users\LOGICD~1\AppData\Local\Temp\cleanup_checkMove.cmd" 

X:\Distributives\Soft FOSS\Network\HTTP\Chromium>SET excl= 

X:\Distributives\Soft FOSS\Network\HTTP\Chromium>SET exclN=0 

X:\Distributives\Soft FOSS\Network\HTTP\Chromium>IF "X:\Distributives\Soft FOSS\Network\HTTP\Chromium\chrome-win32-snapshots.zip" == "" (
SET mask=X:\Distributives\Soft FOSS\Network\HTTP\Chromium\*  
 SET excl=X:\Distributives\Soft FOSS\Network\HTTP\Chromium\Win@type=snapshots  
 SET exclN=1 
)  ELSE (
SET mask=X:\Distributives\Soft FOSS\Network\HTTP\Chromium\Win@type=snapshots  
 REM setting excl for case when there will be no   
 SET excl=X:\Distributives\Soft FOSS\Network\HTTP\Chromium\chrome-win32-snapshots.zip  
 GOTO :cleanup_assembleExclusions 
) 

X:\Distributives\Soft FOSS\Network\HTTP\Chromium>ECHO.1>"D:\Users\LOGICD~1\AppData\Local\Temp\cleanup_checkMove.cmd" 

X:\Distributives\Soft FOSS\Network\HTTP\Chromium>SHIFT

X:\Distributives\Soft FOSS\Network\HTTP\Chromium>IF "X:\Distributives\Soft FOSS\Network\HTTP\Chromium\chrome-win32-snapshots.zip" == "" GOTO :cleanup_assembleEnd 

X:\Distributives\Soft FOSS\Network\HTTP\Chromium>ECHO IF "%~1"=="X:\Distributives\Soft FOSS\Network\HTTP\Chromium\chrome-win32-snapshots.zip" EXIT /B  1>>"D:\Users\LOGICD~1\AppData\Local\Temp\cleanup_checkMove.cmd" 

X:\Distributives\Soft FOSS\Network\HTTP\Chromium>SET /A exclN+=1 

X:\Distributives\Soft FOSS\Network\HTTP\Chromium>GOTO :cleanup_ae_cycle 

X:\Distributives\Soft FOSS\Network\HTTP\Chromium>SHIFT

X:\Distributives\Soft FOSS\Network\HTTP\Chromium>IF "" == "" GOTO :cleanup_assembleEnd 

X:\Distributives\Soft FOSS\Network\HTTP\Chromium>REM If only one exclusion, do not use "D:\Users\LOGICD~1\AppData\Local\Temp\cleanup_checkMove.cmd" 

X:\Distributives\Soft FOSS\Network\HTTP\Chromium>ECHO DEL "%~1" 1>>"D:\Users\LOGICD~1\AppData\Local\Temp\cleanup_checkMove.cmd" 

X:\Distributives\Soft FOSS\Network\HTTP\Chromium>IF 1 == 1 DEL "D:\Users\LOGICD~1\AppData\Local\Temp\cleanup_checkMove.cmd" 

X:\Distributives\Soft FOSS\Network\HTTP\Chromium>GOTO :cleanup_maincycle 

X:\Distributives\Soft FOSS\Network\HTTP\Chromium>IF 1 GTR 1 GOTO :cleanup_multipleExclusions 

X:\Distributives\Soft FOSS\Network\HTTP\Chromium>REM only exclusion 

X:\Distributives\Soft FOSS\Network\HTTP\Chromium>FOR %I IN ("X:\Distributives\Soft FOSS\Network\HTTP\Chromium\Win@type=snapshots") DO IF NOT "%~fI" == "X:\Distributives\Soft FOSS\Network\HTTP\Chromium\chrome-win32-snapshots.zip" CALL "\Scripts\mvold.cmd" "%~I" 

X:\Distributives\Soft FOSS\Network\HTTP\Chromium>IF NOT "X:\Distributives\Soft FOSS\Network\HTTP\Chromium\Win@type=snapshots" == "X:\Distributives\Soft FOSS\Network\HTTP\Chromium\chrome-win32-snapshots.zip" CALL "\Scripts\mvold.cmd" "X:\Distributives\Soft FOSS\Network\HTTP\Chromium\Win@type=snapshots" 

X:\Distributives\Soft FOSS\Network\HTTP\Chromium>FOR %I IN ("X:\Distributives\Soft FOSS\Network\HTTP\Chromium\Win@type=snapshots") DO CALL :mvold "%~I" 

X:\Distributives\Soft FOSS\Network\HTTP\Chromium>CALL :mvold "X:\Distributives\Soft FOSS\Network\HTTP\Chromium\Win@type=snapshots" 

X:\Distributives\Soft FOSS\Network\HTTP\Chromium>SETLOCAL

X:\Distributives\Soft FOSS\Network\HTTP\Chromium>SET destination=X:\Distributives\Soft FOSS\Network\HTTP\Chromium\Win@type=snapshots 

X:\Distributives\Soft FOSS\Network\HTTP\Chromium>SET destination=X:\Distributives\Soft FOSS\Network\HTTP\Chromium\Win@type=snapshots 

X:\Distributives\Soft FOSS\Network\HTTP\Chromium>SET destination=X:\Distributives\Soft FOSS\Network\HTTP\Chromium\Win@type=snapshots 

X:\Distributives\Soft FOSS\Network\HTTP\Chromium>SET destination=X:\Distributives\Soft FOSS\Network\HTTP\Chromium\Win@type=snapshots 

X:\Distributives\Soft FOSS\Network\HTTP\Chromium>SET destination=X:\Distributives\Soft FOSS\Network\HTTP\Chromium\Win@type=snapshots 

X:\Distributives\Soft FOSS\Network\HTTP\Chromium>SET destination=X:\Distributives\Soft_old\Network\HTTP\Chromium\Win@type=snapshots 

X:\Distributives\Soft FOSS\Network\HTTP\Chromium>SET destination=X:\Distributives\Soft_old\Network\HTTP\Chromium\Win@type=snapshots 

X:\Distributives\Soft FOSS\Network\HTTP\Chromium>SET destination=X:\Distributives\Soft_old\Network\HTTP\Chromium\Win@type=snapshots 

X:\Distributives\Soft FOSS\Network\HTTP\Chromium>SET destination=X:\Distributives\Soft_old\Network\HTTP\Chromium\Win@type=snapshots 

X:\Distributives\Soft FOSS\Network\HTTP\Chromium>CALL :mkpath "X:\Distributives\Soft_old\Network\HTTP\Chromium\Win@type=snapshots" 

X:\Distributives\Soft FOSS\Network\HTTP\Chromium>IF NOT EXIST "X:\Distributives\Soft_old\Network\HTTP\Chromium\" MKDIR "X:\Distributives\Soft_old\Network\HTTP\Chromium\" 

X:\Distributives\Soft FOSS\Network\HTTP\Chromium>EXIT /B 

X:\Distributives\Soft FOSS\Network\HTTP\Chromium>ECHO Moving "X:\Distributives\Soft FOSS\Network\HTTP\Chromium\Win@type=snapshots" to "X:\Distributives\Soft_old\Network\HTTP\Chromium\Win@type=snapshots" 
Moving "X:\Distributives\Soft FOSS\Network\HTTP\Chromium\Win@type=snapshots" to "X:\Distributives\Soft_old\Network\HTTP\Chromium\Win@type=snapshots"

X:\Distributives\Soft FOSS\Network\HTTP\Chromium>MOVE "X:\Distributives\Soft FOSS\Network\HTTP\Chromium\Win@type=snapshots" "X:\Distributives\Soft_old\Network\HTTP\Chromium\Win@type=snapshots" 
The system cannot find the file specified.

X:\Distributives\Soft FOSS\Network\HTTP\Chromium>ENDLOCAL

X:\Distributives\Soft FOSS\Network\HTTP\Chromium>EXIT /B 

X:\Distributives\Soft FOSS\Network\HTTP\Chromium>SHIFT

X:\Distributives\Soft FOSS\Network\HTTP\Chromium>IF NOT "" == "" GOTO :next 

X:\Distributives\Soft FOSS\Network\HTTP\Chromium>EXIT /B 

X:\Distributives\Soft FOSS\Network\HTTP\Chromium>ENDLOCAL

X:\Distributives\Soft FOSS\Network\HTTP\Chromium>EXIT /B 
NT File System link management utility v3.0 (c) by Alter, 2004-2006
Home site http://www.alter.org.ua
